# vrx-secrets.conf: rendered by vrx-agent (strongswan renderer); mode 0600.
# Pre-shared keys are base64-encoded (0s prefix); never copy this file anywhere.
secrets {
	ike-w3+site-b {
		id-local = "gw-a.example.net"
		id-remote = "C=CH, O=Example, CN=gw-b"
		secret = <redacted>
	}
	ike-w3-route-d {
		id-local = "10.3.250.1"
		id-remote = "10.3.250.4"
		secret = <redacted>
	}
	ike-w3-site-a {
		id-local = "10.3.250.1"
		id-remote = "10.3.250.2"
		secret = <redacted>
	}
}
