frr version 10.7.1
frr defaults traditional
log syslog informational
service integrated-vtysh-config
!
interface w8-l0
 ip ospf network point-to-point
 ip ospf cost 10
 ip ospf hello-interval 2
 ip ospf dead-interval 8
 ip ospf priority 0
 ip ospf area 0.0.0.0
 ip ospf bfd
exit
!
interface w8-l1
 ip ospf area 51
exit
!
interface w8-lo
 ip ospf area 0.0.0.0
 ip ospf passive
exit
!
router ospf
 ospf router-id 10.8.9.1
 redistribute connected metric 20
 redistribute static
 redistribute bgp route-map rm-in
 area 0.0.0.7 nssa
 area 51 stub no-summary
 default-information originate always
exit
!
end
