ok   backup requires passphrase en/light
ok   restore requires file and passphrase en/light
shot backup-restore-en-light-real.png  (ltr/en)  /system/backup-restore
ok   backup-restore-en-light-real.png: <html dir="ltr"> matches en (expected "ltr")
ok   real API upgrade status en/light
ok   upgrade uploadStage matches real status en/light
ok   upgrade activate matches real status en/light
ok   upgrade confirm matches real status en/light
ok   upgrade rollback matches real status en/light
STATUS {"format":1,"active_slot":"A","default_slot":"A","versions":{"A":"1.0.0","B":"1.1.0"},"pending_slot":null,"staged_slot":"B","confirmed":true,"next_entry":null,"migration_backup":null}
shot upgrade-en-light-real.png  (ltr/en)  /system/upgrade
ok   upgrade-en-light-real.png: <html dir="ltr"> matches en (expected "ltr")
ok   backup requires passphrase en/dark
ok   restore requires file and passphrase en/dark
shot backup-restore-en-dark-real.png  (ltr/en)  /system/backup-restore
ok   backup-restore-en-dark-real.png: <html dir="ltr"> matches en (expected "ltr")
ok   real API upgrade status en/dark
ok   upgrade uploadStage matches real status en/dark
ok   upgrade activate matches real status en/dark
ok   upgrade confirm matches real status en/dark
ok   upgrade rollback matches real status en/dark
STATUS {"format":1,"active_slot":"A","default_slot":"A","versions":{"A":"1.0.0","B":"1.1.0"},"pending_slot":null,"staged_slot":"B","confirmed":true,"next_entry":null,"migration_backup":null}
shot upgrade-en-dark-real.png  (ltr/en)  /system/upgrade
ok   upgrade-en-dark-real.png: <html dir="ltr"> matches en (expected "ltr")
ok   backup requires passphrase fa/light
ok   restore requires file and passphrase fa/light
shot backup-restore-fa-light-real.png  (rtl/fa)  /system/backup-restore
ok   backup-restore-fa-light-real.png: <html dir="rtl"> matches fa (expected "rtl")
ok   real API upgrade status fa/light
ok   upgrade uploadStage matches real status fa/light
ok   upgrade activate matches real status fa/light
ok   upgrade confirm matches real status fa/light
ok   upgrade rollback matches real status fa/light
STATUS {"format":1,"active_slot":"A","default_slot":"A","versions":{"A":"1.0.0","B":"1.1.0"},"pending_slot":null,"staged_slot":"B","confirmed":true,"next_entry":null,"migration_backup":null}
shot upgrade-fa-light-real.png  (rtl/fa)  /system/upgrade
ok   upgrade-fa-light-real.png: <html dir="rtl"> matches fa (expected "rtl")
ok   backup requires passphrase fa/dark
ok   restore requires file and passphrase fa/dark
shot backup-restore-fa-dark-real.png  (rtl/fa)  /system/backup-restore
ok   backup-restore-fa-dark-real.png: <html dir="rtl"> matches fa (expected "rtl")
ok   real API upgrade status fa/dark
ok   upgrade uploadStage matches real status fa/dark
ok   upgrade activate matches real status fa/dark
ok   upgrade confirm matches real status fa/dark
ok   upgrade rollback matches real status fa/dark
STATUS {"format":1,"active_slot":"A","default_slot":"A","versions":{"A":"1.0.0","B":"1.1.0"},"pending_slot":null,"staged_slot":"B","confirmed":true,"next_entry":null,"migration_backup":null}
shot upgrade-fa-dark-real.png  (rtl/fa)  /system/upgrade
ok   upgrade-fa-dark-real.png: <html dir="rtl"> matches fa (expected "rtl")
NETWORK [{"lang":"en","mode":"light","status":401,"path":"/api/v1/auth/refresh"},{"lang":"en","mode":"dark","status":401,"path":"/api/v1/auth/refresh"},{"lang":"fa","mode":"light","status":401,"path":"/api/v1/auth/refresh"},{"lang":"fa","mode":"dark","status":401,"path":"/api/v1/auth/refresh"}]
REQUEST_FAILURES [{"lang":"en","mode":"light","path":"/api/v1/auth/banner","error":"net::ERR_ABORTED"},{"lang":"en","mode":"light","path":"/api/v1/auth/methods","error":"net::ERR_ABORTED"},{"lang":"en","mode":"light","path":"/api/v1/state/system","error":"net::ERR_ABORTED"},{"lang":"en","mode":"light","path":"/api/v1/state/license","error":"net::ERR_ABORTED"},{"lang":"en","mode":"light","path":"/api/v1/config/diff","error":"net::ERR_ABORTED"},{"lang":"en","mode":"light","path":"/api/v1/config/lock","error":"net::ERR_ABORTED"},{"lang":"en","mode":"light","path":"/api/v1/config/commit/pending","error":"net::ERR_ABORTED"},{"lang":"en","mode":"light","path":"/api/v1/state/system","error":"net::ERR_ABORTED"},{"lang":"en","mode":"light","path":"/api/v1/state/license","error":"net::ERR_ABORTED"},{"lang":"en","mode":"light","path":"/api/v1/config/diff","error":"net::ERR_ABORTED"},{"lang":"en","mode":"light","path":"/api/v1/config/lock","error":"net::ERR_ABORTED"},{"lang":"en","mode":"light","path":"/api/v1/config/commit/pending","error":"net::ERR_ABORTED"},{"lang":"en","mode":"dark","path":"/api/v1/auth/banner","error":"net::ERR_ABORTED"},{"lang":"en","mode":"dark","path":"/api/v1/auth/methods","error":"net::ERR_ABORTED"},{"lang":"en","mode":"dark","path":"/api/v1/state/system","error":"net::ERR_ABORTED"},{"lang":"en","mode":"dark","path":"/api/v1/state/license","error":"net::ERR_ABORTED"},{"lang":"en","mode":"dark","path":"/api/v1/config/diff","error":"net::ERR_ABORTED"},{"lang":"en","mode":"dark","path":"/api/v1/config/lock","error":"net::ERR_ABORTED"},{"lang":"en","mode":"dark","path":"/api/v1/config/commit/pending","error":"net::ERR_ABORTED"},{"lang":"en","mode":"dark","path":"/api/v1/state/system","error":"net::ERR_ABORTED"},{"lang":"en","mode":"dark","path":"/api/v1/state/license","error":"net::ERR_ABORTED"},{"lang":"en","mode":"dark","path":"/api/v1/config/diff","error":"net::ERR_ABORTED"},{"lang":"en","mode":"dark","path":"/api/v1/config/lock","error":"net::ERR_ABORTED"},{"lang":"en","mode":"dark","path":"/api/v1/config/commit/pending","error":"net::ERR_ABORTED"},{"lang":"fa","mode":"light","path":"/api/v1/auth/banner","error":"net::ERR_ABORTED"},{"lang":"fa","mode":"light","path":"/api/v1/auth/methods","error":"net::ERR_ABORTED"},{"lang":"fa","mode":"light","path":"/api/v1/state/system","error":"net::ERR_ABORTED"},{"lang":"fa","mode":"light","path":"/api/v1/state/license","error":"net::ERR_ABORTED"},{"lang":"fa","mode":"light","path":"/api/v1/config/diff","error":"net::ERR_ABORTED"},{"lang":"fa","mode":"light","path":"/api/v1/config/lock","error":"net::ERR_ABORTED"},{"lang":"fa","mode":"light","path":"/api/v1/config/commit/pending","error":"net::ERR_ABORTED"},{"lang":"fa","mode":"light","path":"/api/v1/state/system","error":"net::ERR_ABORTED"},{"lang":"fa","mode":"light","path":"/api/v1/state/license","error":"net::ERR_ABORTED"},{"lang":"fa","mode":"light","path":"/api/v1/config/diff","error":"net::ERR_ABORTED"},{"lang":"fa","mode":"light","path":"/api/v1/config/lock","error":"net::ERR_ABORTED"},{"lang":"fa","mode":"light","path":"/api/v1/config/commit/pending","error":"net::ERR_ABORTED"},{"lang":"fa","mode":"dark","path":"/api/v1/auth/banner","error":"net::ERR_ABORTED"},{"lang":"fa","mode":"dark","path":"/api/v1/auth/methods","error":"net::ERR_ABORTED"},{"lang":"fa","mode":"dark","path":"/api/v1/state/system","error":"net::ERR_ABORTED"},{"lang":"fa","mode":"dark","path":"/api/v1/state/license","error":"net::ERR_ABORTED"},{"lang":"fa","mode":"dark","path":"/api/v1/config/diff","error":"net::ERR_ABORTED"},{"lang":"fa","mode":"dark","path":"/api/v1/config/lock","error":"net::ERR_ABORTED"},{"lang":"fa","mode":"dark","path":"/api/v1/config/commit/pending","error":"net::ERR_ABORTED"},{"lang":"fa","mode":"dark","path":"/api/v1/state/system","error":"net::ERR_ABORTED"},{"lang":"fa","mode":"dark","path":"/api/v1/state/license","error":"net::ERR_ABORTED"},{"lang":"fa","mode":"dark","path":"/api/v1/config/diff","error":"net::ERR_ABORTED"},{"lang":"fa","mode":"dark","path":"/api/v1/config/lock","error":"net::ERR_ABORTED"},{"lang":"fa","mode":"dark","path":"/api/v1/config/commit/pending","error":"net::ERR_ABORTED"}]
